<html>
<body>
<pre>
<h1>µVision Build Log</h1>
<h2>Tool Versions:</h2>
IDE-Version: µVision V5.29.0.0
Copyright (C) 2019 ARM Ltd and ARM Germany GmbH. All rights reserved.
License Information: Yahia Emad, Udacity FWD Advanced, LIC=----
 
Tool Versions:
Toolchain:       MDK-Lite  Version: 5.29.0.0
Toolchain Path:  D:\Udacity_FWD\Keil\ARM\ARMCC\Bin
C Compiler:      Armcc.exe V5.06 update 6 (build 750)
Assembler:       Armasm.exe V5.06 update 6 (build 750)
Linker/Locator:  ArmLink.exe V5.06 update 6 (build 750)
Library Manager: ArmAr.exe V5.06 update 6 (build 750)
Hex Converter:   FromElf.exe V5.06 update 6 (build 750)
CPU DLL:         SARM.DLL V5.29.0.0
Dialog DLL:      DARMP.DLL V1.53.0.0
Target DLL:      UL2ARM.DLL V1.74.10.0
Dialog DLL:      TARMP.DLL V1.53.0.0
 
<h2>Project:</h2>
D:\Udacity_FWD\workspace\RTOS_Project\FWD_Advanced_Embedded_RTOS_Project\5_Project\FreeRTOS\Demo\ARM7_LPC2129_Keil_RVDS\RTOSDemo.uvproj
Project File Date:  11/08/2022

<h2>Output:</h2>
*** Using Compiler 'V5.06 update 6 (build 750)', folder: 'D:\Udacity_FWD\Keil\ARM\ARMCC\Bin'
Build target 'RTOSDemo_THUMB'
compiling main.c...
Starter_Files_V1\source\main.c(133): warning:  #223-D: function "xTaskPeriodicCreate" declared implicitly
  	xTaskPeriodicCreate(
Starter_Files_V1\source\main.c(253): warning:  #167-D: argument of type "void *" is incompatible with parameter of type "TaskHookFunction_t"
  	vTaskSetApplicationTaskTag( NULL, ( void * ) 20 );
Starter_Files_V1\source\main.c(266): warning:  #167-D: argument of type "volatile TickType_t *" is incompatible with parameter of type "TickType_t *const"
  	 vTaskDelayUntil( &xLastWakeTime , Button1_Task_Period); 
Starter_Files_V1\source\main.c(285): warning:  #167-D: argument of type "void *" is incompatible with parameter of type "TaskHookFunction_t"
  	vTaskSetApplicationTaskTag( NULL, ( void * ) 21 );
Starter_Files_V1\source\main.c(298): warning:  #167-D: argument of type "volatile TickType_t *" is incompatible with parameter of type "TickType_t *const"
  	 vTaskDelayUntil( &xLastWakeTime , Button2_Task_Period); 
Starter_Files_V1\source\main.c(314): warning:  #223-D: function "strcpy" declared implicitly
  	strcpy( TX_Msg.String, PeriodicMsg );
Starter_Files_V1\source\main.c(318): warning:  #167-D: argument of type "void *" is incompatible with parameter of type "TaskHookFunction_t"
  	vTaskSetApplicationTaskTag( NULL, ( void * ) 22 );
Starter_Files_V1\source\main.c(327): warning:  #167-D: argument of type "volatile TickType_t *" is incompatible with parameter of type "TickType_t *const"
  	 vTaskDelayUntil( &xLastWakeTime , TX_Task_Period); 
Starter_Files_V1\source\main.c(343): warning:  #167-D: argument of type "void *" is incompatible with parameter of type "TaskHookFunction_t"
  	vTaskSetApplicationTaskTag( NULL, ( void * ) 23 );
Starter_Files_V1\source\main.c(354): warning:  #191-D: type qualifier is meaningless on cast type
  		 vSerialPutString((const signed char * const)RX_Msg.String,sizeof(RX_Msg.String));
Starter_Files_V1\source\main.c(361): warning:  #191-D: type qualifier is meaningless on cast type
  			vSerialPutString((const signed char * const)"\nButton 1 is ON!",sizeof("\nButton 1 is OFF!"));
Starter_Files_V1\source\main.c(365): warning:  #191-D: type qualifier is meaningless on cast type
  			vSerialPutString((const signed char * const)"\nButton 1 is OFF!",sizeof("\nButton 1 is OFF!"));
Starter_Files_V1\source\main.c(373): warning:  #191-D: type qualifier is meaningless on cast type
  			vSerialPutString((const signed char * const)"\nButton 2 is ON!",sizeof("\nButton 2 is OFF!"));
Starter_Files_V1\source\main.c(377): warning:  #191-D: type qualifier is meaningless on cast type
  			vSerialPutString((const signed char * const)"\nButton 2 is OFF!",sizeof("\nButton 2 is OFF!"));
Starter_Files_V1\source\main.c(382): warning:  #167-D: argument of type "volatile TickType_t *" is incompatible with parameter of type "TickType_t *const"
  	 vTaskDelayUntil( &xLastWakeTime , RX_Task_Period); 
Starter_Files_V1\source\main.c(399): warning:  #167-D: argument of type "void *" is incompatible with parameter of type "TaskHookFunction_t"
  	vTaskSetApplicationTaskTag( NULL, ( void * ) 24 );
Starter_Files_V1\source\main.c(409): warning:  #167-D: argument of type "volatile TickType_t *" is incompatible with parameter of type "TickType_t *const"
  	 vTaskDelayUntil( &xLastWakeTime , LOAD1_Task_Period); 
Starter_Files_V1\source\main.c(426): warning:  #167-D: argument of type "void *" is incompatible with parameter of type "TaskHookFunction_t"
  	vTaskSetApplicationTaskTag( NULL, ( void * ) 25 );
Starter_Files_V1\source\main.c(436): warning:  #167-D: argument of type "volatile TickType_t *" is incompatible with parameter of type "TickType_t *const"
  	 vTaskDelayUntil( &xLastWakeTime , LOAD2_Task_Period); 
Starter_Files_V1\source\main.c: 19 warnings, 0 errors
linking...
Program Size: Code=15368 RO-data=32 RW-data=232 ZI-data=15472  
FromELF: creating hex file...
".\bin\RTOSDemo.axf" - 0 Error(s), 19 Warning(s).
Build Time Elapsed:  00:00:00
</pre>
</body>
</html>
